Test sanity_checks::test_traits: Failed:
    - Failed to find trait definition: `<redacted>`
